// Jest Snapshot v1, https://goo.gl/fbAQLP

exports[`matches snapshot signup submit component 1`] = `
<button
  className="mb-4 form-btn-submit"
  data-testid="submit"
  style={
    Object {
      "backgroundColor": "rgba(220, 220, 220, 0.2)",
      "border": "none",
      "color": "white",
      "fontSize": "14px",
      "padding": "12px 0",
      "width": "100%",
    }
  }
  type="submit"
>
  Create Account
</button>
`;
